// Jest Snapshot v1, https://goo.gl/fbAQLP

exports[`text input render 1`] = `ShallowWrapper {}`;
